{
  "version": "1.5.0",
  "plugins_used": [
    {
      "name": "ArtifactoryDetector"
    },
    {
      "name": "AWSKeyDetector"
    },
    {
      "name": "AzureStorageKeyDetector"
    },
    {
      "name": "Base64HighEntropyString",
      "limit": 4.5
    },
    {
      "name": "BasicAuthDetector"
    },
    {
      "name": "CloudantDetector"
    },
    {
      "name": "DiscordBotTokenDetector"
    },
    {
      "name": "GitHubTokenDetector"
    },
    {
      "name": "GitLabTokenDetector"
    },
    {
      "name": "HexHighEntropyString",
      "limit": 3.0
    },
    {
      "name": "IbmCloudIamDetector"
    },
    {
      "name": "IbmCosHmacDetector"
    },
    {
      "name": "IPPublicDetector"
    },
    {
      "name": "JwtTokenDetector"
    },
    {
      "name": "KeywordDetector",
      "keyword_exclude": ""
    },
    {
      "name": "MailchimpDetector"
    },
    {
      "name": "NpmDetector"
    },
    {
      "name": "OpenAIDetector"
    },
    {
      "name": "PrivateKeyDetector"
    },
    {
      "name": "PypiTokenDetector"
    },
    {
      "name": "SendGridDetector"
    },
    {
      "name": "SlackDetector"
    },
    {
      "name": "SoftlayerDetector"
    },
    {
      "name": "SquareOAuthDetector"
    },
    {
      "name": "StripeDetector"
    },
    {
      "name": "TelegramBotTokenDetector"
    },
    {
      "name": "TwilioKeyDetector"
    }
  ],
  "filters_used": [
    {
      "path": "detect_secrets.filters.allowlist.is_line_allowlisted"
    },
    {
      "path": "detect_secrets.filters.common.is_baseline_file",
      "filename": ".secrets.baseline"
    },
    {
      "path": "detect_secrets.filters.common.is_ignored_due_to_verification_policies",
      "min_level": 2
    },
    {
      "path": "detect_secrets.filters.heuristic.is_indirect_reference"
    },
    {
      "path": "detect_secrets.filters.heuristic.is_likely_id_string"
    },
    {
      "path": "detect_secrets.filters.heuristic.is_lock_file"
    },
    {
      "path": "detect_secrets.filters.heuristic.is_not_alphanumeric_string"
    },
    {
      "path": "detect_secrets.filters.heuristic.is_potential_uuid"
    },
    {
      "path": "detect_secrets.filters.heuristic.is_prefixed_with_dollar_sign"
    },
    {
      "path": "detect_secrets.filters.heuristic.is_sequential_string"
    },
    {
      "path": "detect_secrets.filters.heuristic.is_swagger_file"
    },
    {
      "path": "detect_secrets.filters.heuristic.is_templated_secret"
    },
    {
      "path": "detect_secrets.filters.regex.should_exclude_file",
      "pattern": [
        "(tests/conftest\\.py|\\.env\\.example)"
      ]
    }
  ],
  "results": {
    "ENV_CONFIG_GUIDE.md": [
      {
        "type": "Basic Auth Credentials",
        "filename": "ENV_CONFIG_GUIDE.md",
        "hashed_secret": "fa9beb99e4029ad5a6615399e7bbae21356086b3",
        "is_verified": false,
        "line_number": 48
      }
    ],
    "QUICKSTART.md": [
      {
        "type": "Basic Auth Credentials",
        "filename": "QUICKSTART.md",
        "hashed_secret": "afc848c316af1a89d49826c5ae9d00ed769415f3",
        "is_verified": false,
        "line_number": 58
      },
      {
        "type": "Secret Keyword",
        "filename": "QUICKSTART.md",
        "hashed_secret": "cbdbe4936ce8be63184d9f2e13fc249234371b9a",
        "is_verified": false,
        "line_number": 207
      }
    ],
    "ReadMe.md": [
      {
        "type": "Basic Auth Credentials",
        "filename": "ReadMe.md",
        "hashed_secret": "afc848c316af1a89d49826c5ae9d00ed769415f3",
        "is_verified": false,
        "line_number": 121
      }
    ],
    "data_scrapper/data_scrapper.py": [
      {
        "type": "Secret Keyword",
        "filename": "data_scrapper/data_scrapper.py",
        "hashed_secret": "fa9beb99e4029ad5a6615399e7bbae21356086b3",
        "is_verified": false,
        "line_number": 30
      }
    ],
    "data_scrapper/scraper/config/settings.py": [
      {
        "type": "Basic Auth Credentials",
        "filename": "data_scrapper/scraper/config/settings.py",
        "hashed_secret": "fa9beb99e4029ad5a6615399e7bbae21356086b3",
        "is_verified": false,
        "line_number": 24
      }
    ],
    "docs/review/API_REFERENCE.md": [
      {
        "type": "Secret Keyword",
        "filename": "docs/review/API_REFERENCE.md",
        "hashed_secret": "1aa0cf383d91e23d19481de4e4664887f40db48c",
        "is_verified": false,
        "line_number": 49
      },
      {
        "type": "Secret Keyword",
        "filename": "docs/review/API_REFERENCE.md",
        "hashed_secret": "c50094eab8f03b52b7a909e241039efee81f3337",
        "is_verified": false,
        "line_number": 95
      }
    ],
    "docs/review/DEPLOYMENT_GUIDE.md": [
      {
        "type": "Basic Auth Credentials",
        "filename": "docs/review/DEPLOYMENT_GUIDE.md",
        "hashed_secret": "fa9beb99e4029ad5a6615399e7bbae21356086b3",
        "is_verified": false,
        "line_number": 149
      },
      {
        "type": "Secret Keyword",
        "filename": "docs/review/DEPLOYMENT_GUIDE.md",
        "hashed_secret": "c2d5625909f9d0679864600f998cfd5f2c5e9272",
        "is_verified": false,
        "line_number": 288
      }
    ],
    "pipelines/ingestion/README.md": [
      {
        "type": "Secret Keyword",
        "filename": "pipelines/ingestion/README.md",
        "hashed_secret": "a5c01e694764bcf09315443c6476e283e6f77906",
        "is_verified": false,
        "line_number": 338
      }
    ],
    "pipelines/ingestion/indexing/neo4j_indexing.py": [
      {
        "type": "Secret Keyword",
        "filename": "pipelines/ingestion/indexing/neo4j_indexing.py",
        "hashed_secret": "fa9beb99e4029ad5a6615399e7bbae21356086b3",
        "is_verified": false,
        "line_number": 83
      }
    ],
    "pipelines/ingestion/test_pdf_parse.py": [
      {
        "type": "Secret Keyword",
        "filename": "pipelines/ingestion/test_pdf_parse.py",
        "hashed_secret": "bc565f6e909ec7d3c18e2ff5d9eeb2300ff20b7f",
        "is_verified": false,
        "line_number": 16
      }
    ],
    "services/CLAUDE.md": [
      {
        "type": "Basic Auth Credentials",
        "filename": "services/CLAUDE.md",
        "hashed_secret": "9d4e1e23bd5b727046a9e3b4b7db57bd8d6ee684",
        "is_verified": false,
        "line_number": 38
      }
    ],
    "services/api/README.md": [
      {
        "type": "Basic Auth Credentials",
        "filename": "services/api/README.md",
        "hashed_secret": "fa9beb99e4029ad5a6615399e7bbae21356086b3",
        "is_verified": false,
        "line_number": 107
      }
    ],
    "services/api/app/config.py": [
      {
        "type": "Basic Auth Credentials",
        "filename": "services/api/app/config.py",
        "hashed_secret": "9d4e1e23bd5b727046a9e3b4b7db57bd8d6ee684",
        "is_verified": false,
        "line_number": 29
      }
    ]
  },
  "generated_at": "2026-03-15T06:14:28Z"
}
